  Leaderboard.cpp
D:\AAAA\Project1_v4_单人走迷宫交互\Project1\Leaderboard.cpp(1,1): warning C4819: 该文件包含不能在当前代码页(936)中表示的字符。请将该文件保存为 Unicode 格式以防止数据丢失
D:\AAAA\Project1_v4_单人走迷宫交互\Project1\Leaderboard.h(1,1): warning C4819: 该文件包含不能在当前代码页(936)中表示的字符。请将该文件保存为 Unicode 格式以防止数据丢失
D:\AAAA\Project1_v4_单人走迷宫交互\Project1\UserManager.h(1,1): warning C4819: 该文件包含不能在当前代码页(936)中表示的字符。请将该文件保存为 Unicode 格式以防止数据丢失
  main.cpp
D:\AAAA\Project1_v4_单人走迷宫交互\Project1\main.cpp(1,1): warning C4819: 该文件包含不能在当前代码页(936)中表示的字符。请将该文件保存为 Unicode 格式以防止数据丢失
D:\AAAA\Project1_v4_单人走迷宫交互\Project1\PhysicalMaze.h(1,1): warning C4819: 该文件包含不能在当前代码页(936)中表示的字符。请将该文件保存为 Unicode 格式以防止数据丢失
D:\AAAA\Project1_v4_单人走迷宫交互\Project1\VirtualMaze.h(1,1): warning C4819: 该文件包含不能在当前代码页(936)中表示的字符。请将该文件保存为 Unicode 格式以防止数据丢失
D:\AAAA\Project1_v4_单人走迷宫交互\Project1\MainScene.h(1,1): warning C4819: 该文件包含不能在当前代码页(936)中表示的字符。请将该文件保存为 Unicode 格式以防止数据丢失
D:\AAAA\Project1_v4_单人走迷宫交互\Project1\UserManager.h(1,1): warning C4819: 该文件包含不能在当前代码页(936)中表示的字符。请将该文件保存为 Unicode 格式以防止数据丢失
D:\AAAA\Project1_v4_单人走迷宫交互\Project1\Leaderboard.h(1,1): warning C4819: 该文件包含不能在当前代码页(936)中表示的字符。请将该文件保存为 Unicode 格式以防止数据丢失
  MainScene.cpp
D:\AAAA\Project1_v4_单人走迷宫交互\Project1\MainScene.cpp(1,1): warning C4819: 该文件包含不能在当前代码页(936)中表示的字符。请将该文件保存为 Unicode 格式以防止数据丢失
D:\AAAA\Project1_v4_单人走迷宫交互\Project1\MainScene.h(1,1): warning C4819: 该文件包含不能在当前代码页(936)中表示的字符。请将该文件保存为 Unicode 格式以防止数据丢失
  PhysicalMaze.cpp
D:\AAAA\Project1_v4_单人走迷宫交互\Project1\PhysicalMaze.cpp(1,1): warning C4819: 该文件包含不能在当前代码页(936)中表示的字符。请将该文件保存为 Unicode 格式以防止数据丢失
D:\AAAA\Project1_v4_单人走迷宫交互\Project1\PhysicalMaze.h(1,1): warning C4819: 该文件包含不能在当前代码页(936)中表示的字符。请将该文件保存为 Unicode 格式以防止数据丢失
D:\AAAA\Project1_v4_单人走迷宫交互\Project1\PhysicalMaze.cpp(31,16): warning C4267: “初始化”: 从“size_t”转换到“int”，可能丢失数据
  player_multi.cpp
D:\AAAA\Project1_v4_单人走迷宫交互\Project1\player_multi.cpp(1,1): warning C4819: 该文件包含不能在当前代码页(936)中表示的字符。请将该文件保存为 Unicode 格式以防止数据丢失
D:\AAAA\Project1_v4_单人走迷宫交互\Project1\VirtualMaze.h(1,1): warning C4819: 该文件包含不能在当前代码页(936)中表示的字符。请将该文件保存为 Unicode 格式以防止数据丢失
D:\AAAA\Project1_v4_单人走迷宫交互\Project1\PhysicalMaze.h(1,1): warning C4819: 该文件包含不能在当前代码页(936)中表示的字符。请将该文件保存为 Unicode 格式以防止数据丢失
  UserManager.cpp
D:\AAAA\Project1_v4_单人走迷宫交互\Project1\UserManager.cpp(1,1): warning C4819: 该文件包含不能在当前代码页(936)中表示的字符。请将该文件保存为 Unicode 格式以防止数据丢失
D:\AAAA\Project1_v4_单人走迷宫交互\Project1\UserManager.h(1,1): warning C4819: 该文件包含不能在当前代码页(936)中表示的字符。请将该文件保存为 Unicode 格式以防止数据丢失
  VirtualMaze.cpp
D:\AAAA\Project1_v4_单人走迷宫交互\Project1\VirtualMaze.cpp(1,1): warning C4819: 该文件包含不能在当前代码页(936)中表示的字符。请将该文件保存为 Unicode 格式以防止数据丢失
D:\AAAA\Project1_v4_单人走迷宫交互\Project1\VirtualMaze.h(1,1): warning C4819: 该文件包含不能在当前代码页(936)中表示的字符。请将该文件保存为 Unicode 格式以防止数据丢失
D:\AAAA\Project1_v4_单人走迷宫交互\Project1\PhysicalMaze.h(1,1): warning C4819: 该文件包含不能在当前代码页(936)中表示的字符。请将该文件保存为 Unicode 格式以防止数据丢失
D:\AAAA\Project1_v4_单人走迷宫交互\Project1\VirtualMaze.cpp(12,70): warning C4244: “参数”: 从“float”转换到“unsigned int”，可能丢失数据
D:\AAAA\Project1_v4_单人走迷宫交互\Project1\VirtualMaze.cpp(12,45): warning C4244: “参数”: 从“float”转换到“unsigned int”，可能丢失数据
D:\AAAA\Project1_v4_单人走迷宫交互\Project1\VirtualMaze.cpp(210,13): warning C4267: “初始化”: 从“size_t”转换到“int”，可能丢失数据
D:\AAAA\Project1_v4_单人走迷宫交互\Project1\VirtualMaze.cpp(270,18): warning C4267: “初始化”: 从“size_t”转换到“int”，可能丢失数据
  正在生成代码...
  Project1.vcxproj -> D:\AAAA\Project1_v4_单人走迷宫交互\x64\Debug\Project1.exe
  'pwsh.exe' 不是内部或外部命令，也不是可运行的程序
  或批处理文件。
